target 3: 3
target 3: 3
target 3: 3
target 3: 3
target 3: 3
target 3: 3
target 3: 3
target 3: 3
target 3: 3
